municipality_start {"municipality_id":"1489"}
discovery {"depth":0,"method":"seed","municipality_id":"1489","outcome":"candidate","parent":"","score":1001,"title":"","url":"https://sammantradesportal.alingsas.se/committees/kommunstyrelsen/mote-2023-06-19/protocol/protokoll-kommunstyrelsen-19-juni-2023pdf-16610?downloadMode=open"}
discovery {"depth":0,"method":"homepage","municipality_id":"1489","outcome":"candidate","parent":"","score":0,"title":"","url":"https://alingsas.se/"}
fetch {"cache_hit":true,"final_url":"https://sammantradesportal.alingsas.se/robots.txt","sha256":"0363471d450cbc77184b2dab8059b261419400017fca6f9d75482ad9b04750c1","status":200,"url":"https://sammantradesportal.alingsas.se/robots.txt"}
fetch {"cache_hit":false,"final_url":"https://sammantradesportal.alingsas.se/committees/kommunstyrelsen/mote-2023-06-19/protocol/protokoll-kommunstyrelsen-19-juni-2023pdf-16610?downloadMode=open","sha256":"367fcb894c48f42b89de19c1404ee59bba69fe56d9fae8b91fc6b90aad4a0013","status":200,"url":"https://sammantradesportal.alingsas.se/committees/kommunstyrelsen/mote-2023-06-19/protocol/protokoll-kommunstyrelsen-19-juni-2023pdf-16610?downloadMode=open"}
discovery {"final_url":"https://sammantradesportal.alingsas.se/committees/kommunstyrelsen/mote-2023-06-19/protocol/protokoll-kommunstyrelsen-19-juni-2023pdf-16610?downloadMode=open","method":"download","municipality_id":"1489","outcome":"downloaded","url":"https://sammantradesportal.alingsas.se/committees/kommunstyrelsen/mote-2023-06-19/protocol/protokoll-kommunstyrelsen-19-juni-2023pdf-16610?downloadMode=open"}
municipality_start {"municipality_id":"0180"}
discovery {"depth":0,"method":"seed","municipality_id":"0180","outcome":"candidate","parent":"","score":1002,"title":"","url":"https://meetingspublic.stockholm.se/welcome-sv/namnder-styrelser/aldrenamnden/mote-2023-08-29/agenda/tjansteutlatande-svar-pa-skrivelse-fran-sd-om-sprakkravpdf?downloadMode=open"}
discovery {"depth":0,"method":"homepage","municipality_id":"0180","outcome":"candidate","parent":"","score":0,"title":"","url":"https://stockholm.se/"}
discovery {"depth":0,"method":"homepage","municipality_id":"0180","outcome":"candidate","parent":"","score":0,"title":"","url":"https://start.stockholm/"}
fetch {"cache_hit":true,"final_url":"https://meetingspublic.stockholm.se/welcome-sv/namnder-styrelser/aldrenamnden/mote-2023-08-29/agenda/tjansteutlatande-svar-pa-skrivelse-fran-sd-om-sprakkravpdf?downloadMode=open","sha256":"f37559c112fa04e6bf2949cfda988a6d7b5a738174732164ed332762181d2a13","status":200,"url":"https://meetingspublic.stockholm.se/welcome-sv/namnder-styrelser/aldrenamnden/mote-2023-08-29/agenda/tjansteutlatande-svar-pa-skrivelse-fran-sd-om-sprakkravpdf?downloadMode=open"}
discovery {"final_url":"https://meetingspublic.stockholm.se/welcome-sv/namnder-styrelser/aldrenamnden/mote-2023-08-29/agenda/tjansteutlatande-svar-pa-skrivelse-fran-sd-om-sprakkravpdf?downloadMode=open","method":"download","municipality_id":"0180","outcome":"downloaded","url":"https://meetingspublic.stockholm.se/welcome-sv/namnder-styrelser/aldrenamnden/mote-2023-08-29/agenda/tjansteutlatande-svar-pa-skrivelse-fran-sd-om-sprakkravpdf?downloadMode=open"}
municipality_start {"municipality_id":"1384"}
discovery {"depth":0,"method":"seed","municipality_id":"1384","outcome":"candidate","parent":"","score":1002,"title":"","url":"https://kungsbacka.se/download/18.59d0699119783959f721aa9a/1750315975371/N%C3%A4mnden%20f%C3%B6r%20V%C3%A5rd%20%26%20Omsorg%20protokoll%202025-06-12%20%C2%A7%C2%A7%2092-110.pdf"}
discovery {"depth":0,"method":"homepage","municipality_id":"1384","outcome":"candidate","parent":"","score":0,"title":"","url":"https://kungsbacka.se/"}
fetch {"cache_hit":true,"final_url":"https://kungsbacka.se/download/18.59d0699119783959f721aa9a/1750315975371/N%C3%A4mnden%20f%C3%B6r%20V%C3%A5rd%20%26%20Omsorg%20protokoll%202025-06-12%20%C2%A7%C2%A7%2092-110.pdf","sha256":"1a60216c9286464c45d8d15b85ae8e466eaf8f765b58deb12c00ea101c15bad7","status":200,"url":"https://kungsbacka.se/download/18.59d0699119783959f721aa9a/1750315975371/N%C3%A4mnden%20f%C3%B6r%20V%C3%A5rd%20%26%20Omsorg%20protokoll%202025-06-12%20%C2%A7%C2%A7%2092-110.pdf"}
discovery {"final_url":"https://kungsbacka.se/download/18.59d0699119783959f721aa9a/1750315975371/N%C3%A4mnden%20f%C3%B6r%20V%C3%A5rd%20%26%20Omsorg%20protokoll%202025-06-12%20%C2%A7%C2%A7%2092-110.pdf","method":"download","municipality_id":"1384","outcome":"downloaded","url":"https://kungsbacka.se/download/18.59d0699119783959f721aa9a/1750315975371/N%C3%A4mnden%20f%C3%B6r%20V%C3%A5rd%20%26%20Omsorg%20protokoll%202025-06-12%20%C2%A7%C2%A7%2092-110.pdf"}
municipality_start {"municipality_id":"2281"}
discovery {"depth":0,"method":"seed","municipality_id":"2281","outcome":"candidate","parent":"","score":1002,"title":"","url":"https://sundsvall.se/download/18.235b114b198e57425bc58665/1671523358788/Protokoll%20%20V%C3%A5rd-%20och%20omsorgsn%C3%A4mnden%202022-12-15.pdf"}
discovery {"depth":0,"method":"homepage","municipality_id":"2281","outcome":"candidate","parent":"","score":0,"title":"","url":"https://sundsvall.se/"}
fetch {"cache_hit":true,"final_url":"https://sundsvall.se/download/18.235b114b198e57425bc58665/1671523358788/Protokoll%20%20V%C3%A5rd-%20och%20omsorgsn%C3%A4mnden%202022-12-15.pdf","sha256":"d990d46cd2971c9d1e637d5a6400a4c8d5ce107c9e0452d5aea5c2fafdf11adc","status":200,"url":"https://sundsvall.se/download/18.235b114b198e57425bc58665/1671523358788/Protokoll%20%20V%C3%A5rd-%20och%20omsorgsn%C3%A4mnden%202022-12-15.pdf"}
discovery {"final_url":"https://sundsvall.se/download/18.235b114b198e57425bc58665/1671523358788/Protokoll%20%20V%C3%A5rd-%20och%20omsorgsn%C3%A4mnden%202022-12-15.pdf","method":"download","municipality_id":"2281","outcome":"downloaded","url":"https://sundsvall.se/download/18.235b114b198e57425bc58665/1671523358788/Protokoll%20%20V%C3%A5rd-%20och%20omsorgsn%C3%A4mnden%202022-12-15.pdf"}
municipality_start {"municipality_id":"0580"}
discovery {"depth":0,"method":"seed","municipality_id":"0580","outcome":"candidate","parent":"","score":1002,"title":"","url":"https://sammantraden.linkoping.se/welcome-sv/namnder-styrelser/vard-och-aldreomsorgsnamnden/2025-02-13-vard-och-aldreomsorgsnamnden/agenda/bilaga-satsningar-i-budgeten-2025pdf?downloadMode=download"}
discovery {"depth":0,"method":"homepage","municipality_id":"0580","outcome":"candidate","parent":"","score":0,"title":"","url":"https://linkoping.se/"}
fetch {"cache_hit":true,"final_url":"https://sammantraden.linkoping.se/welcome-sv/namnder-styrelser/vard-och-aldreomsorgsnamnden/2025-02-13-vard-och-aldreomsorgsnamnden/agenda/bilaga-satsningar-i-budgeten-2025pdf?downloadMode=download","sha256":"9b1f76add4852d625422a4971561bd340d1ce0436db99771bfa213d0af0880f2","status":200,"url":"https://sammantraden.linkoping.se/welcome-sv/namnder-styrelser/vard-och-aldreomsorgsnamnden/2025-02-13-vard-och-aldreomsorgsnamnden/agenda/bilaga-satsningar-i-budgeten-2025pdf?downloadMode=download"}
discovery {"final_url":"https://sammantraden.linkoping.se/welcome-sv/namnder-styrelser/vard-och-aldreomsorgsnamnden/2025-02-13-vard-och-aldreomsorgsnamnden/agenda/bilaga-satsningar-i-budgeten-2025pdf?downloadMode=download","method":"download","municipality_id":"0580","outcome":"downloaded","url":"https://sammantraden.linkoping.se/welcome-sv/namnder-styrelser/vard-och-aldreomsorgsnamnden/2025-02-13-vard-och-aldreomsorgsnamnden/agenda/bilaga-satsningar-i-budgeten-2025pdf?downloadMode=download"}
municipality_start {"municipality_id":"1980"}
discovery {"depth":0,"method":"seed","municipality_id":"1980","outcome":"candidate","parent":"","score":1002,"title":"","url":"https://www.vasteras.se/kommun-och-politik/sa-jobbar-vi-med/vard-och-omsorg/sprak-inom-vard-och-omsorg.html"}
discovery {"depth":0,"method":"homepage","municipality_id":"1980","outcome":"candidate","parent":"","score":0,"title":"","url":"https://vasteras.se/"}
fetch {"cache_hit":true,"final_url":"https://www.vasteras.se/kommun-och-politik/sa-jobbar-vi-med/vard-och-omsorg/sprak-inom-vard-och-omsorg.html","sha256":"e0607039b6466ca1165833a2627f2759a70f8cdf356983492af65b804c3d474a","status":200,"url":"https://www.vasteras.se/kommun-och-politik/sa-jobbar-vi-med/vard-och-omsorg/sprak-inom-vard-och-omsorg.html"}
discovery {"final_url":"https://www.vasteras.se/kommun-och-politik/sa-jobbar-vi-med/vard-och-omsorg/sprak-inom-vard-och-omsorg.html","method":"download","municipality_id":"1980","outcome":"downloaded","url":"https://www.vasteras.se/kommun-och-politik/sa-jobbar-vi-med/vard-och-omsorg/sprak-inom-vard-och-omsorg.html"}
run_finished {"api_calls":0,"municipalities":6}
